root@zeroSun:/var/www/html/myCI4template# git init
Reinicializado el repositorio Git existente en /var/www/html/myCI4template/.git/
root@zeroSun:/var/www/html/myCI4template# git pull https://github.com/lnavarroa/myCI4template master
Desde https://github.com/lnavarroa/myCI4template
 * branch            master     -> FETCH_HEAD
Ya está actualizado.
root@zeroSun:/var/www/html/myCI4template# 


root@zeroSun:/var/www/html/myCI4template# git add .
root@zeroSun:/var/www/html/myCI4template# git commit -m "instalación framework"
[master bdfc450] instalación framework
 Committer: root <root@localhost.localdomain>
Tu nombre y correo fueron configurados automáticamente basados
en tu usuario y nombre de host. Por favor verifica que son correctos.
Tu puedes suprimir este mensaje configurándolos de forma explicita. Ejecuta el 
siguiente comando y sigue las instrucciones de tu editor
 para modificar tu archivo de configuración:

    git config --global --edit

Tras hacer esto, puedes arreglar la identidad usada para este commit con:

    git commit --amend --reset-author

 564 files changed, 98307 insertions(+)
 create mode 100644 app/.htaccess
 create mode 100644 app/Common.php
 create mode 100644 app/Config/App.php
 create mode 100644 app/Config/Autoload.php
 create mode 100644 app/Config/Boot/development.php
 create mode 100644 app/Config/Boot/production.php
 create mode 100644 app/Config/Boot/testing.php
 create mode 100644 app/Config/Cache.php
 create mode 100644 app/Config/Constants.php
....
....
....

root@zeroSun:/var/www/html/myCI4template# git push https://github.com/lnavarroa/myCI4template master
Username for 'https://github.com': lnavarroa
Password for 'https://lnavarroa@github.com': 
Enumerando objetos: 692, listo.
Contando objetos: 100% (692/692), listo.
Compresión delta usando hasta 4 hilos
Comprimiendo objetos: 100% (646/646), listo.
Escribiendo objetos: 100% (691/691), 855.90 KiB | 6.25 MiB/s, listo.
Total 691 (delta 186), reusado 0 (delta 0)
remote: Resolving deltas: 100% (186/186), done.
To https://github.com/lnavarroa/myCI4template
   a0b9e4e..bdfc450  master -> master
root@zeroSun:/var/www/html/myCI4template# git add .env
root@zeroSun:/var/www/html/myCI4template# git commit -m "configuración .env"




-*-*-*-*-*-*-*-03-06-2020-*-*-*-*-*-**-*-
$ git add .
warning: adding embedded git repository: app/Libraries/dompdf
hint: You've added another git repository inside your current repository.
hint: Clones of the outer repository will not contain the contents of
hint: the embedded repository and will not know how to obtain it.
hint: If you meant to add a submodule, use:
hint:
hint:   git submodule add <url> app/Libraries/dompdf
hint:
hint: If you added this path by mistake, you can remove it from the
hint: index with:
hint:
hint:   git rm --cached app/Libraries/dompdf
hint:
hint: See "git help submodule" for more information.

/xampp/htdocs/myCI4template/app/Libraries (master)
$ git clone https://github.com/spipu/html2pdf/ html2pdf
Cloning into 'html2pdf'...
remote: Enumerating objects: 40, done.
remote: Counting objects: 100% (40/40), done.
remote: Compressing objects: 100% (32/32), done.
remote: Total 4295 (delta 17), reused 20 (delta 8), pack-reused 4255
Receiving objects: 100% (4295/4295), 30.19 MiB | 1.31 MiB/s, done.
Resolving deltas: 100% (2873/2873), done.



luch0@luch0-PC MINGW64 /c/xampp/htdocs/myCI4template (master)
$ git add .
warning: adding embedded git repository: app/Libraries/html2pdf
hint: You've added another git repository inside your current repository.
hint: Clones of the outer repository will not contain the contents of
hint: the embedded repository and will not know how to obtain it.
hint: If you meant to add a submodule, use:
hint:
hint:   git submodule add <url> app/Libraries/html2pdf
hint:
hint: If you added this path by mistake, you can remove it from the
hint: index with:
hint:
hint:   git rm --cached app/Libraries/html2pdf
hint:
hint: See "git help submodule" for more information.

luch0@luch0-PC MINGW64 /c/xampp/htdocs/myCI4template (master)
$ git commit -m "Instalación DOMPDF HTML2PDF"
[master a27ddc5] Instalación DOMPDF HTML2PDF
 4 files changed, 61 insertions(+), 1 deletion(-)
 create mode 160000 app/Libraries/dompdf
 create mode 160000 app/Libraries/html2pdf
 create mode 100644 app/Views/html2pdf.php

luch0@luch0-PC MINGW64 /c/xampp/htdocs/myCI4template (master)
$ git push origin master
Enumerating objects: 12, done.
Counting objects: 100% (12/12), done.
Delta compression using up to 4 threads
Compressing objects: 100% (7/7), done.
Writing objects: 100% (7/7), 1.66 KiB | 849.00 KiB/s, done.
Total 7 (delta 4), reused 0 (delta 0)
remote: Resolving deltas: 100% (4/4), completed with 4 local objects.
To https://github.com/lnavarroa/myCI4template.git
   e48ad7e..a27ddc5  master -> master

luch0@luch0-PC MINGW64 /c/xampp/htdocs/myCI4template (master)
$
